[backblue.gif]
[fade.gif]
[index.html]
[quomodosoft.com/html/appro/assest/img/favicon.png]
[quomodosoft.com/html/appro/assest/img/preloader.gif]
[quomodosoft.com/html/appro/assest/img/logo.png]
[quomodosoft.com/html/appro/assest/img/demo/preview_1.jpg]
[quomodosoft.com/html/appro/assest/img/demo/preview_2.jpg]
[quomodosoft.com/html/appro/assest/img/demo/preview_4.jpg]
[quomodosoft.com/html/appro/assest/img/demo/preview_5.jpg]
[quomodosoft.com/html/appro/assest/img/demo/preview_3.jpg]
[quomodosoft.com/html/appro/assest/img/demo/5.png]
[quomodosoft.com/html/appro/assest/img/demo/2.png]
[quomodosoft.com/html/appro/assest/img/demo/1.png]
[quomodosoft.com/html/appro/assest/img/demo/7.png]
[quomodosoft.com/html/appro/assest/img/demo/6.png]
[quomodosoft.com/html/appro/assest/img/demo/4.png]
[quomodosoft.com/html/appro/assest/img/demo/8.png]
[quomodosoft.com/html/appro/assest/img/demo/11.png]
[quomodosoft.com/html/appro/assest/img/demo/12.png]
[quomodosoft.com/html/appro/assest/img/demo/9.png]
[quomodosoft.com/html/appro/assest/img/demo/10.png]
[quomodosoft.com/html/appro/assest/img/demo/responsive.png]
[quomodosoft.com/html/appro/assest/js/jquery-3.1.1.min.js]
[quomodosoft.com/html/appro/assest/js/bootstrap.min.js]
[quomodosoft.com/html/appro/assest/js/plugins/jquery.parallax-scroll.js]
[quomodosoft.com/html/appro/assest/js/plugins/jquery.ripples-min.js]
[quomodosoft.com/html/appro/assest/js/plugins/jquery.easing.min.js]
[quomodosoft.com/html/appro/assest/js/active.js]
[quomodosoft.com/html/appro/index.html]
[quomodosoft.com/html/appro/assest/fonts/glyphicons-halflings-regular.eot]
[quomodosoft.com/html/appro/assest/fonts/glyphicons-halflings-regular.woff2]
[quomodosoft.com/html/appro/assest/fonts/glyphicons-halflings-regulard41d.eot]
[quomodosoft.com/html/appro/assest/fonts/glyphicons-halflings-regular.woff]
[quomodosoft.com/html/appro/assest/fonts/glyphicons-halflings-regular.ttf]
[quomodosoft.com/html/appro/assest/css/bootstrap.min.css]
[quomodosoft.com/html/appro/assest/img/demo/intro.jpg]
[quomodosoft.com/html/appro/assest/img/demo/dots.png]
[quomodosoft.com/html/appro/assest/img/demo/dots-inverse.png]
[quomodosoft.com/html/appro/assest/css/demo.css]
[quomodosoft.com/html/appro/assest/fonts/icofont7858.eot]
[quomodosoft.com/html/appro/assest/fonts/icofont7858.ttf]
[quomodosoft.com/html/appro/assest/fonts/icofont7858.woff]
[quomodosoft.com/html/appro/assest/css/icofont.css]
[quomodosoft.com/html/appro/assest/fonts/ionicons.eot]
[quomodosoft.com/html/appro/assest/fonts/ionicons.ttf]
[quomodosoft.com/html/appro/assest/fonts/ionicons.woff]
[quomodosoft.com/html/appro/assest/css/ionicons.min.css]
[quomodosoft.com/html/appro/assest/fonts/fontawesome-webfont.eot]
[quomodosoft.com/html/appro/assest/fonts/fontawesome-webfont.woff2]
[quomodosoft.com/html/appro/assest/fonts/fontawesome-webfontd41d.eot]
[quomodosoft.com/html/appro/assest/fonts/fontawesome-webfont.woff]
[quomodosoft.com/html/appro/assest/fonts/fontawesome-webfont.ttf]
[quomodosoft.com/html/appro/assest/css/font-awesome.min.css]
[quomodosoft.com/html/appro/demo/images/apple-touch-icon.png]
[quomodosoft.com/html/appro/demo/images/favicon.ico]
[quomodosoft.com/html/appro/demo/js/vendor/modernizr-2.8.3.min.js]
[quomodosoft.com/html/appro/demo/images/screen/screen1.jpg]
[quomodosoft.com/html/appro/demo/images/screen/screen2.jpg]
[quomodosoft.com/html/appro/demo/images/screen/screen3.jpg]
[quomodosoft.com/html/appro/demo/images/screen/screen4.jpg]
[quomodosoft.com/html/appro/demo/images/screen/screen5.jpg]
[quomodosoft.com/html/appro/demo/images/icon/icon1.png]
[quomodosoft.com/html/appro/demo/images/icon/icon2.png]
[quomodosoft.com/html/appro/demo/images/icon/icon3.png]
[quomodosoft.com/html/appro/demo/images/icon/icon4.png]
[quomodosoft.com/html/appro/demo/images/mobile1.png]
[quomodosoft.com/html/appro/demo/images/mobile2.png]
[quomodosoft.com/html/appro/demo/images/feature/1.jpg]
[quomodosoft.com/html/appro/demo/images/feature/6.jpg]
[quomodosoft.com/html/appro/demo/images/feature/3.jpg]
[quomodosoft.com/html/appro/demo/images/feature/4.jpg]
[quomodosoft.com/html/appro/demo/images/feature/5.jpg]
[quomodosoft.com/html/appro/demo/images/feature/2.jpg]
[quomodosoft.com/html/appro/demo/images/team/team1.jpg]
[quomodosoft.com/html/appro/demo/images/team/team2.jpg]
[quomodosoft.com/html/appro/demo/images/team/team3.jpg]
[quomodosoft.com/html/appro/demo/images/team/team4.jpg]
[quomodosoft.com/html/appro/demo/images/client/client1.png]
[quomodosoft.com/html/appro/demo/images/client/client2.png]
[quomodosoft.com/html/appro/demo/images/client/client3.png]
[quomodosoft.com/html/appro/demo/images/bg2.jpg]
[quomodosoft.com/html/appro/demo/images/2mobile.png]
[quomodosoft.com/html/appro/demo/images/bg3.jpg]
[quomodosoft.com/html/appro/demo/images/blog/blog1.jpg]
[quomodosoft.com/html/appro/demo/images/blog/blog2.jpg]
[quomodosoft.com/html/appro/demo/images/blog/blog3.jpg]
[quomodosoft.com/html/appro/demo/js/vendor/jquery-1.12.4.min.js]
[quomodosoft.com/html/appro/demo/js/vendor/bootstrap.min.js]
[quomodosoft.com/html/appro/demo/js/owl.carousel.min.js]
[quomodosoft.com/html/appro/demo/js/scrollUp.min.js]
[quomodosoft.com/html/appro/demo/js/magnific-popup.min.js]
[quomodosoft.com/html/appro/demo/js/ripples-min.js]
[quomodosoft.com/html/appro/demo/js/contact-form.js]
[quomodosoft.com/html/appro/demo/js/spectragram.min.js]
[quomodosoft.com/html/appro/demo/js/ajaxchimp.js]
[quomodosoft.com/html/appro/demo/js/wow.min.js]
[quomodosoft.com/html/appro/demo/js/plugins.js]
[quomodosoft.com/html/appro/demo/js/main.js]
[quomodosoft.com/html/appro/demo/js/maps.js]
[quomodosoft.com/html/appro/demo/index2.html]
[quomodosoft.com/html/appro/demo/index.html]
[quomodosoft.com/html/appro/demo/images/header-bg.jpg]
[quomodosoft.com/html/appro/demo/index3.html]
[quomodosoft.com/html/appro/demo/index4.html]
[quomodosoft.com/html/appro/demo/images/slide/slide1.jpg]
[quomodosoft.com/html/appro/demo/images/slide/slide2.jpg]
[quomodosoft.com/html/appro/demo/images/slide/slide3.jpg]
[quomodosoft.com/html/appro/demo/images/slide/slide4.jpg]
[quomodosoft.com/html/appro/demo/index5.html]
[quomodosoft.com/html/appro/demo/js/particles.min.js]
[quomodosoft.com/html/appro/demo/js/particles-app.js]
[quomodosoft.com/html/appro/demo/index6.html]
[quomodosoft.com/html/appro/demo/images/blog/blog4.jpg]
[quomodosoft.com/html/appro/demo/images/blog/blog5.jpg]
[quomodosoft.com/html/appro/demo/images/blog/blog6.jpg]
[quomodosoft.com/html/appro/demo/images/blog/blog7.jpg]
[quomodosoft.com/html/appro/demo/images/blog/blog8.jpg]
[quomodosoft.com/html/appro/demo/blog.html]
[quomodosoft.com/html/appro/demo/images/blog/blog9.jpg]
[quomodosoft.com/html/appro/demo/blog2.html]
[quomodosoft.com/html/appro/demo/images/blog/thumb/1.jpg]
[quomodosoft.com/html/appro/demo/images/blog/thumb/2.jpg]
[quomodosoft.com/html/appro/demo/images/blog/thumb/3.jpg]
[quomodosoft.com/html/appro/demo/images/blog/thumb/4.jpg]
[quomodosoft.com/html/appro/demo/blog-left-sidebar.html]
[quomodosoft.com/html/appro/demo/blog-right-sidebar.html]
[quomodosoft.com/html/appro/demo/images/blog/single-blog.jpg]
[quomodosoft.com/html/appro/demo/images/blog/comment/1.png]
[quomodosoft.com/html/appro/demo/images/blog/comment/2.png]
[quomodosoft.com/html/appro/demo/images/blog/comment/3.png]
[quomodosoft.com/html/appro/demo/blog-details-left-sidebar.html]
[quomodosoft.com/html/appro/demo/blog-details-right-sidebar.html]
[quomodosoft.com/html/appro/assest/fonts/glyphicons-halflings-regular.svg]
[quomodosoft.com/html/appro/assest/fonts/icofont7858.ttf]
[quomodosoft.com/html/appro/assest/fonts/icofont7858.eot]
[quomodosoft.com/html/appro/assest/fonts/icofont7858.svg]
[quomodosoft.com/html/appro/assest/fonts/ionicons.svg]
[quomodosoft.com/html/appro/demo/fonts/glyphicons-halflings-regular.eot]
[quomodosoft.com/html/appro/demo/fonts/glyphicons-halflings-regulard41d.eot]
[quomodosoft.com/html/appro/demo/fonts/glyphicons-halflings-regular.woff2]
[quomodosoft.com/html/appro/demo/fonts/glyphicons-halflings-regular.woff]
[quomodosoft.com/html/appro/demo/fonts/glyphicons-halflings-regular.ttf]
[quomodosoft.com/html/appro/demo/css/bootstrap.min.css]
[quomodosoft.com/html/appro/demo/css/owl.carousel.min.css]
[quomodosoft.com/html/appro/demo/fonts/themify9f24.eot]
[quomodosoft.com/html/appro/demo/fonts/themifyd41d.eot]
[quomodosoft.com/html/appro/demo/fonts/themify9f24.woff]
[quomodosoft.com/html/appro/demo/css/themify-icons.css]
[quomodosoft.com/html/appro/demo/css/animate.css]
[quomodosoft.com/html/appro/demo/css/magnific-popup.css]
[quomodosoft.com/html/appro/demo/css/space.css]
[quomodosoft.com/html/appro/demo/images/header-dew.png]
[quomodosoft.com/html/appro/demo/images/blog/bg-1.jpg]
[quomodosoft.com/html/appro/demo/images/screen/phone.png]
[quomodosoft.com/html/appro/demo/css/theme.css]
[quomodosoft.com/html/appro/demo/css/overright.css]
[quomodosoft.com/html/appro/demo/css/normalize.css]
[quomodosoft.com/html/appro/demo/style.css]
[quomodosoft.com/html/appro/demo/css/responsive.css]
[quomodosoft.com/html/appro/demo/quomodosoft.com/videos/App_Reminisound_Promotion_Video.html]
[quomodosoft.com/html/appro/assest/fonts/fontawesome-webfont.svg]
[quomodosoft.com/html/appro/demo/fonts/glyphicons-halflings-regular.svg]
[quomodosoft.com/html/appro/demo/css/owl.video.play.html]
[quomodosoft.com/html/appro/demo/fonts/themify9f24.svg]
[quomodosoft.com/html/appro/demo/fonts/themify9f24.ttf]
